[backblue.gif]
[fade.gif]
[index.html]
[wiseup.com/pt/online/indexe7c0.html]
[wiseup.com/pt/online/index1040.html]
[wiseup.com/assets/images/wiseup-share-thumb.png]
[wiseup.com/assets/images/online/bg.png]
[wiseup.com/pt/online/index.html]
[wiseup.com/assets/images/online/bg-blackfriday.png]
[wiseup.com/assets/images/online/bg-blackfriday-mob.png]
[cdn.ampproject.org/v0.js]
[cdn.ampproject.org/v0/amp-analytics-0.1.js]
[cdn.ampproject.org/v0/amp-animation-0.1.js]
[cdn.ampproject.org/v0/amp-position-observer-0.1.js]
[cdn.ampproject.org/v0/amp-bind-0.1.js]
[cdn.ampproject.org/v0/amp-carousel-0.1.js]
[cdn.ampproject.org/v0/amp-lightbox-0.1.js]
[cdn.ampproject.org/v0/amp-youtube-0.1.js]
[cdn.ampproject.org/v0/amp-vimeo-0.1.js]
[cdn.ampproject.org/v0/amp-user-notification-0.1.js]
[cdn.ampproject.org/v0/amp-script-0.1.js]
[wiseup.com/assets/images/online/icon-multiplataforma-v2.png]
[wiseup.com/pt/online/termos-de-uso/index.html]
[wiseup.com/assets/images/online/icon-documentario-v2.png]
[wiseup.com/assets/images/online/icon-video-v2.png]
[wiseup.com/assets/images/online/cel-gif2.gif]
[wiseup.com/assets/images/online/aspas-opinion-v2.png]
[wiseup.com/assets/images/faq/wiseup-faq-appstore@2x.png]
[wiseup.com/assets/images/faq/wiseup-faq-playstore@2x.png]
[d335luupugsy2.cloudfront.net/js/loader-scripts/0a4d26b6-61dd-46d3-b3b1-82bace97604f-loader.js]
[wiseup.com/pt/online/index1040.html]
[wiseup.com/pt/online/index.html]
[drive.conqueronline.com.br/growth/martech/assets/libs/pure-tracking/mkt_tracking.js]
[wiseup.com/pt/online/termos-de-uso/style.min.css]
[wiseup.com/cdn-cgi/scripts/7d0fa10a/cloudflare-static/rocket-loader.min.js]
[wiseup.com/pt/online/termos-de-uso/index.html]
[wiseup.com/cdn-cgi/challenge-platform/h/g/scripts/jsd/f2bbd6738e15/maind41d.js]
[wiseup.com/pt/assets/images/travel/hero.jpg]
[wiseup.com/pt/online/termos-de-uso/style.min.css]
[wiseup.com/pt/assets/images/travel/hero.html]
